No posts due for publishing today.
[PUBLISHED] How Much Does It Cost to Build a Mobile App in 2026?
[SITEMAP] Updated with blog posts.
[PUBLISHED] How Much Does a Website Cost for a Small Business? 2026 Pricing Guide
[SITEMAP] Updated with blog posts.
[PUBLISHED] React Native vs Flutter in 2026: Which Should You Choose for Your App?
[SITEMAP] Updated with blog posts.
[PUBLISHED] How to Find a Good App Developer (Without Getting Burned)
[SITEMAP] Updated with blog posts.
[PUBLISHED] 10 Signs Your Business Needs a Mobile App
[SITEMAP] Updated with blog posts.
[PUBLISHED] Web App vs Mobile App: Which Does Your Business Need?
[SITEMAP] Updated with blog posts.
[PUBLISHED] What is Supabase? Why Startups Are Choosing It Over Firebase in 2026
[SITEMAP] Updated with blog posts.
[PUBLISHED] MVP Development: Build Your First App Without Wasting $50K
[SITEMAP] Updated with blog posts.
[PUBLISHED] App Development for Local Businesses: A Complete Guide
[SITEMAP] Updated with blog posts.
[PUBLISHED] How Small Businesses Can Compete with Big Companies Using Custom Apps
[SITEMAP] Updated with blog posts.
